// Vitest Snapshot v1, https://vitest.dev/guide/snapshot.html

exports[`SupplierSection.vue > matches the component snapshot 1`] = `
"<section data-v-65d85fd2="" class="supplier__container">
  <div data-v-69f42c1a="" data-v-9bb7b3b9="" data-v-65d85fd2="" class="stack__container card__container" style="flex-direction: column; gap: 16px;">
    <div data-v-69f42c1a="" data-v-9bb7b3b9="" class="stack__container" style="flex-direction: column; gap: 4px;">
      <p data-v-9bb7b3b9="" class="typography _caption_d0cbd2 _text_d0cbd2">Supplier</p>
      <div data-v-69f42c1a="" data-v-65d85fd2="" class="stack__container subtitle__container" style="flex-direction: row; gap: 8px;">
        <p data-v-65d85fd2="" class="typography _semibold_d0cbd2 _dark_d0cbd2">Supplier Inc</p>
        <div data-v-df2d503b="" data-v-65d85fd2="" class="badge__container">
          <p data-v-df2d503b="" class="typography _caption_d0cbd2 _primary_d0cbd2">#SUP001</p>
        </div>
      </div>
    </div>
    <div data-v-69f42c1a="" data-v-65d85fd2="" class="stack__container info__container" style="flex-direction: row; gap: 0px;">
      <div data-v-69f42c1a="" data-v-65d85fd2="" class="stack__container content__column" style="flex-direction: column; gap: 4px;">
        <div data-v-70c01fa4="" data-v-65d85fd2="" class="icon-text__container">
          <unicon data-v-70c01fa4="" name="file-landscape-alt"></unicon>
          <p data-v-70c01fa4="" class="typography _caption_d0cbd2 _text_d0cbd2">CNPJ: 12.345.678/0001-90</p>
        </div>
        <div data-v-70c01fa4="" data-v-65d85fd2="" class="icon-text__container">
          <unicon data-v-70c01fa4="" name="map-marker"></unicon>
          <p data-v-70c01fa4="" class="typography _caption_d0cbd2 _text_d0cbd2">123 Supplier Rd</p>
        </div>
        <div data-v-70c01fa4="" data-v-65d85fd2="" class="icon-text__container">
          <unicon data-v-70c01fa4="" name="user"></unicon>
          <p data-v-70c01fa4="" class="typography _caption_d0cbd2 _text_d0cbd2">Alice Johnson</p>
        </div>
      </div>
      <div data-v-69f42c1a="" data-v-65d85fd2="" class="stack__container" style="flex-direction: column; gap: 4px;">
        <div data-v-70c01fa4="" data-v-65d85fd2="" class="icon-text__container">
          <unicon data-v-70c01fa4="" name="envelope"></unicon>
          <p data-v-70c01fa4="" class="typography _caption_d0cbd2 _text_d0cbd2">alice@example.com</p>
        </div>
        <div data-v-70c01fa4="" data-v-65d85fd2="" class="icon-text__container">
          <unicon data-v-70c01fa4="" name="phone"></unicon>
          <p data-v-70c01fa4="" class="typography _caption_d0cbd2 _text_d0cbd2">111222333</p>
        </div>
        <div data-v-70c01fa4="" data-v-65d85fd2="" class="icon-text__container">
          <unicon data-v-70c01fa4="" name="print"></unicon>
          <p data-v-70c01fa4="" class="typography _caption_d0cbd2 _text_d0cbd2">999888777</p>
        </div>
        <div data-v-70c01fa4="" data-v-65d85fd2="" class="icon-text__container">
          <unicon data-v-70c01fa4="" name="eye"></unicon>
          <p data-v-70c01fa4="" class="typography _caption_d0cbd2 _text_d0cbd2">2025-08-27</p>
        </div>
      </div>
    </div>
  </div>
</section>"
`;
